20:30:45 **** Incremental Build of configuration Debug for project Hallo_IR ****
make all 
Building file: ../src/EXTI_program.c
Invoking: Cross ARM GNU C Compiler
arm-none-eabi-gcc -mcpu=cortex-m4 -mthumb -mfloat-abi=soft -Og -fmessage-length=0 -fsigned-char -ffunction-sections -fdata-sections -ffreestanding -fno-move-loop-invariants -Wall -Wextra  -g3 -DDEBUG -DUSE_FULL_ASSERT -DTRACE -DOS_USE_TRACE_SEMIHOSTING_DEBUG -DSTM32F401xC -DUSE_HAL_DRIVER -DHSE_VALUE=25000000 -I"../include" -I"../system/include" -I"../system/include/cmsis" -I"../system/include/stm32f4-hal" -std=gnu11 -MMD -MP -MF"src/EXTI_program.d" -MT"src/EXTI_program.o" -c -o "src/EXTI_program.o" "../src/EXTI_program.c"
Finished building: ../src/EXTI_program.c
 
Building target: Hallo_IR.elf
Invoking: Cross ARM GNU C++ Linker
arm-none-eabi-g++ -mcpu=cortex-m4 -mthumb -mfloat-abi=soft -Og -fmessage-length=0 -fsigned-char -ffunction-sections -fdata-sections -ffreestanding -fno-move-loop-invariants -Wall -Wextra  -g3 -T mem.ld -T libs.ld -T sections.ld -nostartfiles -Xlinker --gc-sections -L"../ldscripts" -Wl,-Map,"Hallo_IR.map" --specs=nano.specs -o "Hallo_IR.elf"  ./system/src/stm32f4-hal/stm32f4xx_hal.o ./system/src/stm32f4-hal/stm32f4xx_hal_cortex.o ./system/src/stm32f4-hal/stm32f4xx_hal_dfsdm.o ./system/src/stm32f4-hal/stm32f4xx_hal_flash.o ./system/src/stm32f4-hal/stm32f4xx_hal_gpio.o ./system/src/stm32f4-hal/stm32f4xx_hal_iwdg.o ./system/src/stm32f4-hal/stm32f4xx_hal_pwr.o ./system/src/stm32f4-hal/stm32f4xx_hal_rcc.o  ./system/src/newlib/_cxx.o ./system/src/newlib/_exit.o ./system/src/newlib/_sbrk.o ./system/src/newlib/_startup.o ./system/src/newlib/_syscalls.o ./system/src/newlib/assert.o  ./system/src/diag/Trace.o ./system/src/diag/trace_impl.o  ./system/src/cortexm/_initialize_hardware.o ./system/src/cortexm/_reset_hardware.o ./system/src/cortexm/exception_handlers.o  ./system/src/cmsis/system_stm32f4xx.o ./system/src/cmsis/vectors_stm32f401xc.o  ./src/EXTI_program.o ./src/GPIO_program.o ./src/NVIC_program.o ./src/RCC_program.o ./src/STK_program.o ./src/_initialize_hardware.o ./src/main.o ./src/stm32f4xx_hal_msp.o   
Finished building target: Hallo_IR.elf
 
Invoking: Cross ARM GNU Create Flash Image
arm-none-eabi-objcopy -O ihex "Hallo_IR.elf"  "Hallo_IR.hex"
Finished building: Hallo_IR.hex
 
Invoking: Cross ARM GNU Print Size
arm-none-eabi-size --format=berkeley "Hallo_IR.elf"
   text	   data	    bss	    dec	    hex	filename
   8715	    160	    892	   9767	   2627	Hallo_IR.elf
Finished building: Hallo_IR.siz
 

20:30:47 Build Finished (took 1s.210ms)

